ESTIMATE: a question here was too wide to enumerate exactly: 11771766775296
          compositions across 18 groups, against a ceiling of 5000000. It was
          answered by sampling 200000 hands instead.
          Every percentage below is an ESTIMATE, not an exact answer.
          The ± beside each one is its standard error, and a difference
          smaller than that is not a difference.
          Pass --exact to refuse a question this wide rather than estimate it.
note: effect "t:land otag:surveil" (look 1, on landdrop, everything stays on top)
      applies to 1 card: Hedge Maze
note: effect "(otag:mana-rock or otag:mana-dork) o:\"{T}: Add\" -o:\"enters tapped\" -o:\"doesn't untap\" -o:\"Spend this mana only\" -o:\"can't be spent\" -o:\"Activate only\" -o:\"could produce\" -o:\", {T}: Add\" -o:\"for each\" -o:\"{X}\" -o:\"an amount of\" -is:transform -is:mdfc" (adds 1, on cast)
      applies to 5 cards: Arcane Signet, Mind Stone, Talisman of Creativity, Talisman of Curiosity, Talisman of Impulse
      a mana source once the [casting] line casts it; the mana budget does not count it yet
note: effect "(otag:mana-rock or otag:mana-dork) o:\"{T}: Add {C}{C}.\" -o:\"enters tapped\" -o:\"doesn't untap\" -o:\"Spend this mana only\" -o:\"can't be spent\" -o:\"Activate only\" -o:\"could produce\" -o:\", {T}: Add\" -o:\"for each\" -o:\"{X}\" -o:\"an amount of\" -is:transform -is:mdfc" (adds 2, on cast)
      applies to 1 card: Sol Ring
      a mana source once the [casting] line casts it; the mana budget does not count it yet
note: the spells cast here are decided by the priority this file declared, and every
      number below that depends on what was cast depends on it:
      1. "name:\"Rashmi and Ragavan\""
      Then a spell this list does not name is not cast at all. Ties: a tie inside one entry goes to the cheaper cost, then to the card this decklist names first.
      Cast from the command zone — never drawn, always there, cast at most once: Rashmi and Ragavan.
      At equal cost inside one entry, a card from the library is cast first.
note: every number below keeps whatever seven it is dealt: this file declares no
      [mulligan], so no hand is ever sent back.
note: 10 lands here let the pilot decide whether to enter tapped. This run assumes they do:
      Breeding Pool, Rejuvenating Springs, Sea Gate Restoration // Sea Gate, Reborn, Shatterskull Smashing // Shatterskull, the Hammer Pass, Shifting Woodland, Steam Vents, Stomping Ground, Training Center, Turbulent Springs, Turbulent Wilderness.
      A shockland's 2 life is a decision no criteria file has made yet, so the pessimistic
      reading is taken: it makes no mana the turn it arrives. Every number below that
      depends on one of these is a floor rather than a measurement.
note: these lands make mana other than the card data lists, and this run reads them as:
      Castle Doom: pays {C} only: its other colours come with a condition this engine cannot see.
      Maze of Ith: makes no mana: it has no mana ability, so it is a land drop and pays for nothing.
      Misty Rainforest: a fetchland, read as the untapped lands it can find in this deck (Forest, Island, Taiga, Tropical Island, Volcanic Island): pays {U}{R}{G}, assuming one is still in the library to find.
      Prismatic Vista: a fetchland, read as the untapped lands it can find in this deck (Forest, Island, Mountain): pays {U}{R}{G}, assuming one is still in the library to find.
      Scalding Tarn: a fetchland, read as the untapped lands it can find in this deck (Island, Mountain, Taiga, Tropical Island, Volcanic Island): pays {U}{R}{G}, assuming one is still in the library to find.
      Spire of Industry: pays {C} only: its other colours come with a condition this engine cannot see.
      Urza's Saga: makes mana for three turns, the one it is played on and the two after: its last chapter sacrifices it.
      Wooded Foothills: a fetchland, read as the untapped lands it can find in this deck (Forest, Mountain, Taiga, Tropical Island, Volcanic Island): pays {U}{R}{G}, assuming one is still in the library to find.
     commander cast by turn 4   51.49% ± 0.11
     commander cast by turn 5   61.30% ± 0.11
     commander cast by turn 6   68.68% ± 0.10

PASS: 0 of 0 assertions met
