note: effect "(otag:mana-rock or otag:mana-dork) o:\"{T}: Add\" -o:\"enters tapped\" -o:\"doesn't untap\" -o:\"Spend this mana only\" -o:\"can't be spent\" -o:\"Activate only\" -o:\"could produce\" -o:\", {T}: Add\" -o:\"for each\" -o:\"{X}\" -o:\"an amount of\" -is:transform -is:mdfc" (adds 1, on cast)
      applies to 2 cards: Birds of Paradise, Elvish Mystic
      a mana source once the [casting] line casts it
note: effect "name:\"Aftermath Analyst\"" (mill 3, on cast)
      applies to 1 card: Aftermath Analyst
      puts all it mills in the graveyard
note: effect "name:\"Malevolent Rumble\"" (mill 4, on cast)
      applies to 1 card: Malevolent Rumble
      puts all it mills in the graveyard: the card lets you keep 1 matching "is:permanent", and this file declares no `to_hand` choosing one
      and the [casting] line does not cast it, so here it mills nothing
note: effect "name:\"Midnight Tilling\"" (mill 4, on cast)
      applies to 1 card: Midnight Tilling
      puts all it mills in the graveyard: the card lets you keep 1 matching "is:permanent", and this file declares no `to_hand` choosing one
      and the [casting] line does not cast it, so here it mills nothing
note: effect "name:\"Wrenn and Seven\"" (mill 4, on cast)
      applies to 1 card: Wrenn and Seven
      puts what it mills in the graveyard, except every card matching "t:land", which the card puts in your hand
      and the [casting] line does not cast it, so here it mills nothing
note: effect "name:\"Frantic Search\"" (draw 2, on cast)
      applies to 1 card: Frantic Search
      then discards 2, chosen by the [discard] list
      and the [casting] line does not cast it, so here it draws and discards nothing
note: effect "name:\"Izzet Charm\"" (draw 2, on cast)
      applies to 1 card: Izzet Charm
      then discards 2, chosen by the [discard] list
      and the [casting] line does not cast it, so here it draws and discards nothing
note: effect "name:\"Desperate Ravings\"" (draw 2, on cast)
      applies to 1 card: Desperate Ravings
      then discards 1 at random: the card picks, and no list moves it
      and the [casting] line does not cast it, so here it draws and discards nothing
note: effect "name:\"Borborygmos and Fblthp\"" (draw 1, on cast)
      applies to 1 card: Borborygmos and Fblthp
      then may discard any number matching "t:land": every one the [discard] list names, and none where there is no list
      and the [casting] line does not cast it, so here it draws and discards nothing
note: effect "name:\"Six\" t:treefolk" (mill 3, on attack)
      applies to 1 card: Six
      puts all it mills in the graveyard: the card lets you keep 1 matching "t:land", and this file declares no `to_hand` choosing one
      mills each time it attacks, every turn after the one the [casting] line casts it on
      and the [casting] line does not cast it, so here it mills nothing
note: effect "name:\"Icetill Explorer\"" (mill 1, on landfall)
      applies to 1 card: Icetill Explorer
      puts all it mills in the graveyard
      mills once for each land that enters while it is on the battlefield, from the turn after the [casting] line casts it: the drop, a fetched land, a returned one
      and the [casting] line does not cast it, so here it mills nothing
note: effect "name:\"Lumra, Bellow of the Woods\"" (mill 4, on cast)
      applies to 1 card: Lumra, Bellow of the Woods
      puts all it mills in the graveyard
      then returns every card matching "t:land" in the graveyard to the battlefield tapped. They took no land drop, and a turn's bill is still held to its drops, so the mana they could make is a floor
      and the [casting] line does not cast it, so here it mills nothing
note: the spells cast here are decided by the priority this file declared, and every
      number below that depends on what was cast depends on it:
      1. "name:\"Aftermath Analyst\""
      2. "name:\"Life from the Loam\""
      Then a spell this list does not name is not cast at all. Ties: a tie inside one entry goes to the cheaper cost, then to the card this decklist names first.
note: every number below keeps whatever seven it is dealt: this file declares no
      [mulligan], so no hand is ever sent back.
note: 5 lands here let the pilot decide whether to enter tapped. This run assumes they do:
      Argoth, Sanctum of Nature, Breeding Pool, Mystic Sanctuary, Steam Vents, Stomping Ground.
      A shockland's 2 life is a decision no criteria file has made yet, so the pessimistic
      reading is taken: it makes no mana the turn it arrives. Every number below that
      depends on one of these is a floor rather than a measurement.
note: these lands make mana other than the card data lists, and this run reads them as:
      Exotic Orchard: pays generic and no colour: the colour it makes depends on what an opponent's land could produce, and whether it makes any at all on the first turn of a game.
      Izzet Boilerworks: counted as one mana a turn: the second mana it taps for, and the land it returns to hand, are not modelled.
      Misty Rainforest: a fetchland, read as the untapped lands it can find in this deck (Forest, Island): pays {U}{G}, assuming one is still in the library to find.
      Prismatic Vista: a fetchland, read as the untapped lands it can find in this deck (Forest, Island, Mountain): pays {U}{R}{G}, assuming one is still in the library to find.
      Scalding Tarn: a fetchland, read as the untapped lands it can find in this deck (Island, Mountain): pays {U}{R}, assuming one is still in the library to find.
      Simic Growth Chamber: counted as one mana a turn: the second mana it taps for, and the land it returns to hand, are not modelled.
      Wooded Foothills: a fetchland, read as the untapped lands it can find in this deck (Forest, Mountain): pays {R}{G}, assuming one is still in the library to find.
note: this run never dredges. Life from the Loam, Shenanigans have dredge, and this line can put cards in the
      graveyard, but no draw here is ever replaced by a dredge (ADR-0017). Dredge is a
      may, so that is a line the pilot could play: every number below is that line's,
      a floor under the best line, which could dredge where dredging helps.
     Life from the Loam in the graveyard by turn 5, cast or milled by the Analyst   10.19%

widest exact question: 4,120,116 compositions across 7 groups, 82% of the 5,000,000 ceiling, "Life from the Loam in the graveyard by turn 5, cast or milled by the Analyst"

PASS: 0 of 0 assertions met
