note: effect "(otag:mana-rock or otag:mana-dork) o:\"{T}: Add\" -o:\"enters tapped\" -o:\"doesn't untap\" -o:\"Spend this mana only\" -o:\"can't be spent\" -o:\"Activate only\" -o:\"could produce\" -o:\", {T}: Add\" -o:\"for each\" -o:\"{X}\" -o:\"an amount of\" -is:transform -is:mdfc" (adds 1, on cast)
      applies to 2 cards: Birds of Paradise, Elvish Mystic
      a mana source once the [casting] line casts it
note: effect "name:\"Aftermath Analyst\"" (mill 3, on cast)
      applies to 1 card: Aftermath Analyst
      puts all it mills in the graveyard
      and the [casting] line does not cast it, so here it mills nothing
note: effect "name:\"Malevolent Rumble\"" (mill 4, on cast)
      applies to 1 card: Malevolent Rumble
      puts all it mills in the graveyard: the card lets you keep 1 matching "is:permanent", and this file declares no `to_hand` choosing one
      and the [casting] line does not cast it, so here it mills nothing
note: effect "name:\"Midnight Tilling\"" (mill 4, on cast)
      applies to 1 card: Midnight Tilling
      puts all it mills in the graveyard: the card lets you keep 1 matching "is:permanent", and this file declares no `to_hand` choosing one
      and the [casting] line does not cast it, so here it mills nothing
note: effect "name:\"Wrenn and Seven\"" (mill 4, on cast)
      applies to 1 card: Wrenn and Seven
      puts what it mills in the graveyard, except every card matching "t:land", which the card puts in your hand
      and the [casting] line does not cast it, so here it mills nothing
note: effect "name:\"Frantic Search\"" (draw 2, on cast)
      applies to 1 card: Frantic Search
      then discards 2, chosen by the [discard] list
      and the [casting] line does not cast it, so here it draws and discards nothing
note: effect "name:\"Izzet Charm\"" (draw 2, on cast)
      applies to 1 card: Izzet Charm
      then discards 2, chosen by the [discard] list
      and the [casting] line does not cast it, so here it draws and discards nothing
note: effect "name:\"Desperate Ravings\"" (draw 2, on cast)
      applies to 1 card: Desperate Ravings
      then discards 1 at random: the card picks, and no list moves it
      and the [casting] line does not cast it, so here it draws and discards nothing
note: effect "name:\"Borborygmos and Fblthp\"" (draw 1, on cast)
      applies to 1 card: Borborygmos and Fblthp
      then may discard any number matching "t:land": every one the [discard] list names, and none where there is no list
      and the [casting] line does not cast it, so here it draws and discards nothing
note: effect "name:\"Six\" t:treefolk" (mill 3, on attack)
      applies to 1 card: Six
      puts all it mills in the graveyard: the card lets you keep 1 matching "t:land", and this file declares no `to_hand` choosing one
      mills each time it attacks, every turn after the one the [casting] line casts it on
      and the [casting] line does not cast it, so here it mills nothing
note: effect "name:\"Icetill Explorer\"" (mill 1, on landfall)
      applies to 1 card: Icetill Explorer
      puts all it mills in the graveyard
      mills once for each land that enters while it is on the battlefield, from the turn after the [casting] line casts it: the drop, a fetched land, a returned one
      and the [casting] line does not cast it, so here it mills nothing
note: effect "name:\"Lumra, Bellow of the Woods\"" (mill 4, on cast)
      applies to 1 card: Lumra, Bellow of the Woods
      puts all it mills in the graveyard
      then returns every card matching "t:land" in the graveyard to the battlefield tapped. They took no land drop, and a turn's bill is still held to its drops, so the mana they could make is a floor
      and the [casting] line does not cast it, so here it mills nothing
note: effect "otag:fetchland" (on landdrop)
      applies to 4 cards: Misty Rainforest, Prismatic Vista, Scalding Tarn, Wooded Foothills
      and fetches, to your battlefield, the first of these the library still holds:
      1. "t:land"
      Ties: the card this decklist names first. A tutor that finds none of them fetches nothing.
note: the land drop here is decided by the priority this file declared, and every
      number below that depends on which land was played depends on it:
      1. "otag:fetchland"
      2. "t:land"
      then any other land. Ties: a tie inside one entry goes to the deeper look, then to the card this decklist names first.
note: every number below keeps whatever seven it is dealt: this file declares no
      [mulligan], so no hand is ever sent back.
PASS some Loam Access by turn 5 (drawn, not cast)   81.02%  (needs 80.0%)
     some Loam Access by turn 8 (drawn, not cast)   88.43%
     two Loam Access by turn 8                      59.07%
     lands drawn by turn 8                         mean 6.27
                                                   1: 0.2%   2: 1.0%
                                                   3: 3.9%   4: 10.1%
                                                   5: 17.9%  6: 22.6%
                                                   7: 20.8%  8: 13.9%
                                                   9: 6.7%   10: 2.3%
                                                   11: 0.6%  12: 0.1%
     fetchlands in play by turn 8                  mean 0.00
                                                   0: 100.0%

widest exact question: 1,966,080 compositions across 4 groups, 39% of the 5,000,000 ceiling, "some Loam Access by turn 8 (drawn, not cast)"

PASS: 1 of 1 assertions met
